// Vitest Snapshot v1, https://vitest.dev/guide/snapshot.html

exports[`ContentBtn > renders correctly 1`] = `
<div>
  <button
    class="
        bg-yellow-1 px-3 py-1
        font-A font-bold text-sm 
        grow-0 basis-0
        border-dark-2
        border border-b-2 border-r-2 rounded
        capitalize
        hover:opacity-80
        active:bg-green
      "
    type="button"
  >
    Submit
  </button>
</div>
`;
